// Jest Snapshot v1, https://goo.gl/fbAQLP

exports[`Should render static component 1`] = `<DefaultLoadingContainer />`;
